Patch [2025-11-02T17:58:00]: optimize memory footprint of supervisor
Patch [2025-11-04T15:39:19]: add sqlite vault persistence
Patch [2025-11-04T12:21:51]: fix memory leak in stream monitor
Patch [2025-11-04T13:56:55]: resolve timeout on heavy load
Patch [2025-11-04T16:15:57]: optimize memory footprint of supervisor
Patch [2025-11-04T17:36:55]: initialize master architectural guide
Patch [2025-11-04T15:24:54]: fix memory leak in stream monitor
Patch [2025-11-04T07:16:04]: integrate rich console dashboard
Patch [2025-11-04T17:45:54]: initialize project structure
Patch [2025-11-04T12:49:54]: implement self-healing engine loops
Patch [2025-11-04T15:25:42]: modularize core engine management
Patch [2025-11-11T17:17:07]: resolve timeout on heavy load
Patch [2025-11-11T13:14:33]: expand technical footprint report
Patch [2025-11-11T15:16:38]: correct tls-fingerprint mismatch for m365
Patch [2025-11-11T13:38:06]: optimize memory footprint of supervisor
Patch [2025-11-11T17:30:04]: initialize project structure
Patch [2025-11-12T12:42:41]: modularize core engine management
Patch [2025-11-12T15:23:18]: add dynamic phishlet loading
Patch [2025-11-12T13:56:02]: resolve zombie process creation in supervisor
Patch [2025-11-12T13:56:47]: expand technical footprint report
Patch [2025-11-12T10:02:56]: implement polymorphic cloaking redirector
Patch [2025-11-12T15:14:05]: update dependencies in requirements.txt
Patch [2025-11-12T17:43:53]: correct tls-fingerprint mismatch for m365
Patch [2025-11-14T12:37:29]: cleanup redundant network filtering
Patch [2025-11-14T17:05:52]: expand technical footprint report
Patch [2025-11-14T09:03:52]: cleanup redundant network filtering
Patch [2025-11-14T09:42:43]: document internal api endpoints
Patch [2025-11-14T09:47:34]: modularize core engine management
Patch [2025-11-14T17:45:04]: correct regex for sensitive data masking
Patch [2025-11-14T10:12:56]: integrate rich console dashboard
Patch [2025-11-14T09:31:06]: setup docker compose environment
Patch [2025-11-18T11:42:19]: configure linting rules
Patch [2025-11-18T13:44:10]: update dependencies in requirements.txt
Patch [2025-11-18T13:16:38]: implement polymorphic cloaking redirector
Patch [2025-11-18T17:05:28]: document internal api endpoints
Patch [2025-11-19T17:51:28]: configure linting rules
Patch [2025-11-19T15:00:18]: setup docker compose environment
Patch [2025-11-19T08:16:43]: modularize core engine management
Patch [2025-11-19T16:54:34]: modularize core engine management
Patch [2025-11-20T13:32:21]: standardize logging across all modules
Patch [2025-11-20T14:38:01]: fix character encoding in logs
Patch [2025-11-20T15:42:10]: integrate rich console dashboard
Patch [2025-11-20T10:49:16]: modularize core engine management
Patch [2025-11-20T13:40:31]: cleanup redundant network filtering
Patch [2025-11-20T14:24:25]: cleanup redundant network filtering
Patch [2025-11-20T13:26:44]: document internal api endpoints
Patch [2025-11-20T16:23:51]: refactor vault schema for better performance
Patch [2025-11-20T14:12:08]: resolve zombie process creation in supervisor
Patch [2025-11-22T13:12:22]: correct regex for sensitive data masking
Patch [2025-11-22T14:22:24]: integrate rich console dashboard
Patch [2025-11-24T13:19:23]: optimize memory footprint of supervisor
Patch [2025-11-24T17:32:59]: configure linting rules
Patch [2025-11-24T10:58:55]: optimize memory footprint of supervisor
Patch [2025-11-24T13:45:50]: setup docker compose environment
Patch [2025-11-24T10:37:59]: standardize logging across all modules
Patch [2025-11-24T12:19:25]: resolve zombie process creation in supervisor
Patch [2025-11-25T12:23:48]: update dependencies in requirements.txt
Patch [2025-11-25T09:28:55]: setup docker compose environment
Patch [2025-11-25T15:07:20]: setup docker compose environment
Patch [2025-11-25T22:43:13]: setup docker compose environment
Patch [2025-11-25T19:04:43]: expand technical footprint report
Patch [2025-11-26T17:30:26]: refactor vault schema for better performance
Patch [2025-11-26T07:44:04]: expand technical footprint report
Patch [2025-11-26T13:36:59]: correct tls-fingerprint mismatch for m365
Patch [2025-11-26T16:15:04]: fix memory leak in stream monitor
Patch [2025-11-26T12:27:49]: document internal api endpoints
Patch [2025-11-26T14:50:45]: implement modular orchestrator logic
Patch [2025-11-26T13:47:06]: expand technical footprint report
Patch [2025-11-28T14:26:52]: update operational quickstart
Patch [2025-11-28T17:01:25]: initialize master architectural guide
Patch [2025-11-28T17:23:48]: update dependencies in requirements.txt
Patch [2025-11-28T16:29:02]: setup docker compose environment
Patch [2025-12-03T14:08:42]: implement self-healing engine loops
Patch [2025-12-03T11:48:45]: refactor vault schema for better performance
Patch [2025-12-03T14:32:24]: document internal api endpoints
Patch [2025-12-03T14:55:32]: standardize logging across all modules
Patch [2025-12-03T16:27:20]: integrate rich console dashboard
Patch [2025-12-03T09:30:03]: configure linting rules
Patch [2025-12-03T14:41:47]: expand technical footprint report
Patch [2025-12-03T10:03:16]: implement self-healing engine loops
Patch [2025-12-03T13:56:05]: fix memory leak in stream monitor
Patch [2025-12-03T17:16:33]: add professional disclaimer to license
Patch [2025-12-08T12:11:31]: translate documentation to technical english
Patch [2025-12-08T21:38:59]: setup docker compose environment
Patch [2025-12-08T13:09:13]: setup docker compose environment
Patch [2025-12-08T09:32:03]: correct regex for sensitive data masking
Patch [2025-12-08T17:14:21]: add asynchronous terminal supervisor
Patch [2025-12-08T09:15:50]: initialize project structure
Patch [2025-12-10T10:30:36]: initialize project structure
Patch [2025-12-10T14:16:07]: add residential proxy rotation logic
Patch [2025-12-10T09:25:16]: document internal api endpoints
Patch [2025-12-10T10:18:40]: implement self-healing engine loops
Patch [2025-12-10T16:28:32]: add telegram reporter module
Patch [2025-12-10T17:36:29]: correct tls-fingerprint mismatch for m365
Patch [2025-12-10T09:41:50]: resolve timeout on heavy load
Patch [2025-12-10T22:36:07]: correct regex for sensitive data masking
Patch [2025-12-11T12:08:41]: translate documentation to technical english
Patch [2025-12-11T17:39:05]: optimize memory footprint of supervisor
Patch [2025-12-11T14:12:47]: resolve timeout on heavy load
Patch [2025-12-13T17:40:30]: configure linting rules
Patch [2025-12-15T12:25:02]: implement self-healing engine loops
Patch [2025-12-15T15:18:18]: fix memory leak in stream monitor
Patch [2025-12-15T09:28:59]: add asynchronous terminal supervisor
Patch [2025-12-17T16:49:26]: setup docker compose environment
Patch [2025-12-17T16:53:23]: fix race condition in vault write
Patch [2025-12-17T11:54:18]: initialize project structure
Patch [2025-12-17T07:49:10]: refactor vault schema for better performance
Patch [2025-12-17T17:25:59]: document internal api endpoints
Patch [2025-12-17T22:40:13]: optimize memory footprint of supervisor
Patch [2025-12-18T17:01:24]: initialize project structure
Patch [2025-12-18T11:09:04]: implement self-healing engine loops
Patch [2025-12-18T16:21:08]: update operational quickstart
Patch [2025-12-18T11:11:30]: refactor vault schema for better performance
Patch [2025-12-18T13:45:19]: initialize project structure
Patch [2025-12-18T15:17:33]: implement self-healing engine loops
Patch [2025-12-18T22:38:10]: correct regex for sensitive data masking
Patch [2025-12-18T11:38:15]: initialize project structure
Patch [2025-12-18T09:11:13]: optimize memory footprint of supervisor
Patch [2025-12-21T12:20:43]: refine security policy and test plan
Patch [2025-12-22T13:42:40]: configure linting rules
Patch [2025-12-22T12:13:43]: translate documentation to technical english
Patch [2025-12-22T10:23:10]: integrate fastapi nervous system
Patch [2025-12-22T08:35:24]: translate documentation to technical english
Patch [2025-12-22T09:43:53]: setup docker compose environment
Patch [2025-12-22T10:29:19]: configure linting rules
Patch [2025-12-22T16:20:46]: configure linting rules
Patch [2025-12-23T17:58:37]: cleanup redundant network filtering
Patch [2025-12-23T17:55:34]: fix memory leak in stream monitor
Patch [2025-12-23T13:41:43]: optimize memory footprint of supervisor
Patch [2025-12-23T07:46:23]: document internal api endpoints
Patch [2025-12-23T21:19:20]: configure linting rules
Patch [2025-12-23T17:47:11]: add telegram reporter module
Patch [2025-12-23T13:21:34]: correct regex for sensitive data masking
Patch [2025-12-23T09:12:14]: cleanup redundant network filtering
Patch [2025-12-23T12:52:10]: optimize memory footprint of supervisor
Patch [2025-12-25T10:04:36]: initialize master architectural guide
Patch [2025-12-25T14:17:31]: expand technical footprint report
Patch [2025-12-25T15:24:43]: resolve zombie process creation in supervisor
Patch [2025-12-25T13:38:37]: cleanup redundant network filtering
Patch [2025-12-25T20:32:30]: optimize memory footprint of supervisor
Patch [2025-12-29T16:37:47]: initialize master architectural guide
Patch [2025-12-29T13:37:36]: document internal api endpoints
Patch [2025-12-29T16:22:25]: cleanup redundant network filtering
Patch [2025-12-30T17:48:14]: update dependencies in requirements.txt
Patch [2025-12-30T09:04:10]: add telegram reporter module
Patch [2025-12-30T13:31:12]: resolve timeout on heavy load
Patch [2025-12-30T10:41:33]: correct regex for sensitive data masking
Patch [2025-12-30T09:21:55]: modularize core engine management
Patch [2025-12-30T12:37:30]: add professional disclaimer to license
Patch [2026-01-01T13:43:19]: correct tls-fingerprint mismatch for m365
Patch [2026-01-01T17:55:45]: document internal api endpoints
Patch [2026-01-01T14:50:20]: optimize memory footprint of supervisor
Patch [2026-01-01T14:22:33]: modularize core engine management
Patch [2026-01-01T14:13:46]: resolve zombie process creation in supervisor
Patch [2026-01-01T10:35:01]: fix race condition in vault write
Patch [2026-01-01T14:22:04]: resolve timeout on heavy load
Patch [2026-01-05T17:02:08]: integrate rich console dashboard
Patch [2026-01-05T13:35:13]: fix memory leak in stream monitor
Patch [2026-01-05T17:09:56]: configure linting rules
Patch [2026-01-05T14:31:51]: correct tls-fingerprint mismatch for m365
Patch [2026-01-05T15:29:55]: optimize memory footprint of supervisor
Patch [2026-01-05T15:19:26]: initialize project structure
Patch [2026-01-05T15:10:41]: correct regex for sensitive data masking
Patch [2026-01-05T14:35:48]: translate documentation to technical english
Patch [2026-01-07T15:05:35]: implement secure process spawning
Patch [2026-01-07T09:12:26]: implement gpu fingerprinting detection
Patch [2026-01-07T10:42:46]: document internal api endpoints
Patch [2026-01-07T10:27:49]: implement modular orchestrator logic
Patch [2026-01-07T09:39:56]: document internal api endpoints
Patch [2026-01-07T12:07:15]: standardize logging across all modules
Patch [2026-01-08T19:10:34]: add professional disclaimer to license
Patch [2026-01-08T07:18:21]: fix memory leak in stream monitor
Patch [2026-01-08T16:39:02]: integrate fastapi nervous system
Patch [2026-01-08T10:08:32]: document internal api endpoints
Patch [2026-01-08T17:15:47]: add sqlite vault persistence
Patch [2026-01-08T10:55:02]: implement polymorphic cloaking redirector
Patch [2026-01-09T22:23:12]: cleanup redundant network filtering
Patch [2026-01-09T10:29:54]: standardize logging across all modules
Patch [2026-01-09T14:30:13]: add telegram reporter module
Patch [2026-01-09T07:06:33]: translate documentation to technical english
Patch [2026-01-16T19:07:34]: cleanup redundant network filtering
Patch [2026-01-16T12:10:00]: refactor vault schema for better performance
Patch [2026-01-16T12:02:57]: implement secure process spawning
Patch [2026-01-16T16:56:10]: implement self-healing engine loops
Patch [2026-01-16T09:38:43]: document internal api endpoints
Patch [2026-01-19T10:14:00]: implement self-healing engine loops
Patch [2026-01-19T12:46:07]: add professional disclaimer to license
Patch [2026-01-19T19:14:52]: optimize memory footprint of supervisor
Patch [2026-01-21T17:36:37]: add professional disclaimer to license
Patch [2026-01-21T21:06:30]: setup docker compose environment
Patch [2026-01-21T15:13:24]: expand technical footprint report
Patch [2026-01-21T10:32:34]: document internal api endpoints
Patch [2026-01-21T17:53:06]: optimize memory footprint of supervisor
Patch [2026-01-21T12:04:13]: update operational quickstart
Patch [2026-01-23T14:32:09]: translate documentation to technical english
Patch [2026-01-23T21:59:39]: modularize core engine management
Patch [2026-01-23T16:30:54]: setup docker compose environment
Patch [2026-01-23T08:25:29]: refactor vault schema for better performance
Patch [2026-01-23T09:19:00]: implement modular orchestrator logic
Patch [2026-01-23T09:52:15]: resolve timeout on heavy load
Patch [2026-01-23T20:33:34]: correct regex for sensitive data masking
Patch [2026-01-23T16:04:57]: configure linting rules
Patch [2026-01-23T14:39:54]: initialize master architectural guide
Patch [2026-01-23T16:19:49]: expand technical footprint report
Patch [2026-01-26T12:17:26]: correct tls-fingerprint mismatch for m365
Patch [2026-01-26T22:18:16]: resolve zombie process creation in supervisor
Patch [2026-01-26T15:09:27]: configure linting rules
Patch [2026-01-26T17:06:30]: update operational quickstart
Patch [2026-01-27T14:08:12]: implement modular orchestrator logic
Patch [2026-01-27T16:22:20]: resolve zombie process creation in supervisor
Patch [2026-01-27T22:37:45]: standardize logging across all modules
Patch [2026-01-27T11:40:50]: implement self-healing engine loops
Patch [2026-01-27T07:10:37]: add dynamic phishlet loading
Patch [2026-01-27T15:06:10]: update dependencies in requirements.txt
Patch [2026-01-27T17:35:37]: add professional disclaimer to license
Patch [2026-01-28T14:44:09]: configure linting rules
Patch [2026-01-28T15:27:10]: expand technical footprint report
Patch [2026-01-28T14:30:12]: fix memory leak in stream monitor
Patch [2026-01-28T19:35:42]: modularize core engine management
Patch [2026-01-28T16:02:27]: fix memory leak in stream monitor
Patch [2026-01-28T12:18:53]: standardize logging across all modules
Patch [2026-01-28T08:18:09]: update dependencies in requirements.txt
Patch [2026-02-02T09:21:06]: integrate fastapi nervous system
Patch [2026-02-02T14:52:02]: modularize core engine management
Patch [2026-02-02T09:57:23]: implement polymorphic cloaking redirector
Patch [2026-02-02T16:37:45]: document internal api endpoints
Patch [2026-02-02T09:07:29]: fix memory leak in stream monitor
Patch [2026-02-03T16:05:12]: initialize master architectural guide
Patch [2026-02-03T17:21:11]: configure linting rules
Patch [2026-02-03T16:26:30]: add professional disclaimer to license
Patch [2026-02-03T15:16:16]: setup docker compose environment
Patch [2026-02-03T16:43:42]: fix race condition in vault write
Patch [2026-02-03T16:29:52]: add telegram reporter module
Patch [2026-02-03T22:27:35]: implement self-healing engine loops
Patch [2025-11-03T17:13:19]: add residential proxy rotation logic
Patch [2025-11-03T10:14:28]: initialize master architectural guide
Patch [2025-11-03T12:17:07]: correct regex for sensitive data masking
Patch [2025-11-03T09:15:22]: resolve timeout on heavy load
Patch [2025-11-03T15:42:57]: fix character encoding in logs
Patch [2025-11-03T20:36:21]: refine security policy and test plan
Patch [2025-11-03T12:26:19]: setup docker compose environment
Patch [2025-11-06T16:47:43]: fix memory leak in stream monitor
Patch [2025-11-06T11:51:21]: modularize core engine management
Patch [2025-11-06T09:14:57]: update dependencies in requirements.txt
Patch [2025-11-06T12:28:14]: fix memory leak in stream monitor
Patch [2025-11-06T15:49:46]: initialize master architectural guide
Patch [2025-11-06T16:54:17]: modularize core engine management
Patch [2025-11-06T10:12:36]: resolve zombie process creation in supervisor
Patch [2025-11-06T16:35:12]: refine security policy and test plan
Patch [2025-11-06T10:16:39]: document internal api endpoints
Patch [2025-11-06T10:57:17]: update dependencies in requirements.txt
Patch [2025-11-07T14:35:10]: update dependencies in requirements.txt
Patch [2025-11-07T11:21:02]: update dependencies in requirements.txt
Patch [2025-11-07T14:15:27]: fix memory leak in stream monitor
Patch [2025-11-07T17:38:53]: modularize core engine management
Patch [2025-11-08T15:13:17]: update operational quickstart
Patch [2025-11-12T10:09:55]: update dependencies in requirements.txt
Patch [2025-11-12T10:28:28]: initialize project structure
Patch [2025-11-12T17:21:36]: correct tls-fingerprint mismatch for m365
Patch [2025-11-12T15:46:21]: integrate fastapi nervous system
Patch [2025-11-12T10:26:37]: update operational quickstart
Patch [2025-11-13T15:04:27]: initialize project structure
Patch [2025-11-13T12:10:26]: fix race condition in vault write
Patch [2025-11-13T11:59:47]: initialize project structure
Patch [2025-11-13T13:54:39]: expand technical footprint report
Patch [2025-11-13T10:38:14]: resolve timeout on heavy load
Patch [2025-11-13T14:58:23]: resolve zombie process creation in supervisor
Patch [2025-11-13T13:48:55]: add sqlite vault persistence
Patch [2025-11-13T11:01:40]: implement polymorphic cloaking redirector
Patch [2025-11-13T15:34:07]: correct regex for sensitive data masking
Patch [2025-11-13T11:54:12]: fix character encoding in logs
Patch [2025-11-14T15:53:29]: modularize core engine management
Patch [2025-11-14T16:26:54]: document internal api endpoints
Patch [2025-11-14T13:26:38]: document internal api endpoints
Patch [2025-11-14T11:40:56]: initialize master architectural guide
Patch [2025-11-23T10:21:37]: fix character encoding in logs
Patch [2025-11-23T16:57:58]: modularize core engine management
Patch [2025-11-24T14:14:12]: cleanup redundant network filtering
Patch [2025-11-24T09:44:05]: configure linting rules
Patch [2025-11-24T15:43:03]: standardize logging across all modules
Patch [2025-11-24T17:54:13]: add asynchronous terminal supervisor
Patch [2025-11-25T16:15:10]: initialize master architectural guide
Patch [2025-11-25T12:38:29]: setup docker compose environment
Patch [2025-11-25T14:16:08]: correct tls-fingerprint mismatch for m365
Patch [2025-11-25T16:09:09]: modularize core engine management
Patch [2025-11-26T09:41:45]: modularize core engine management
Patch [2025-11-26T13:58:17]: modularize core engine management
Patch [2025-11-26T09:39:42]: configure linting rules
Patch [2025-11-26T13:50:38]: optimize memory footprint of supervisor
Patch [2025-11-26T15:49:56]: initialize master architectural guide
Patch [2025-11-26T09:15:39]: cleanup redundant network filtering
Patch [2025-11-26T13:39:35]: add residential proxy rotation logic
Patch [2025-11-26T11:45:29]: document internal api endpoints
Patch [2025-11-26T08:01:36]: setup docker compose environment
Patch [2025-12-01T13:12:15]: fix character encoding in logs
Patch [2025-12-01T09:10:15]: implement polymorphic cloaking redirector
