Commit [2025-11-03T12:31:36]: setup docker compose environment
Commit [2025-11-03T13:23:23]: add professional disclaimer to license
Commit [2025-11-03T13:22:54]: setup docker compose environment
Commit [2025-11-03T16:48:20]: update operational quickstart
Commit [2025-11-05T15:28:00]: refine security policy and test plan
Commit [2025-11-05T17:53:00]: implement self-healing engine loops
Commit [2025-11-05T14:51:29]: update dependencies in requirements.txt
Commit [2025-11-06T14:06:25]: update dependencies in requirements.txt
Commit [2025-11-06T08:19:17]: initialize master architectural guide
Commit [2025-11-06T16:47:38]: resolve zombie process creation in supervisor
Commit [2025-11-06T15:57:21]: refactor vault schema for better performance
Commit [2025-11-06T11:35:31]: expand technical footprint report
Commit [2025-11-06T16:39:50]: optimize memory footprint of supervisor
Commit [2025-11-06T12:41:23]: modularize core engine management
Commit [2025-11-06T17:33:53]: update dependencies in requirements.txt
Commit [2025-11-06T09:47:24]: setup docker compose environment
Commit [2025-11-07T09:13:31]: add professional disclaimer to license
Commit [2025-11-07T09:38:36]: add sqlite vault persistence
Commit [2025-11-07T10:29:25]: setup docker compose environment
Commit [2025-11-07T11:06:33]: add residential proxy rotation logic
Commit [2025-11-07T14:39:15]: implement self-healing engine loops
Commit [2025-11-07T10:03:50]: modularize core engine management
Commit [2025-11-07T11:07:22]: expand technical footprint report
Commit [2025-11-07T10:23:41]: correct tls-fingerprint mismatch for m365
Commit [2025-11-10T09:06:31]: setup docker compose environment
Commit [2025-11-10T15:13:03]: integrate rich console dashboard
Commit [2025-11-10T10:28:57]: optimize memory footprint of supervisor
Commit [2025-11-10T11:13:28]: cleanup redundant network filtering
Commit [2025-11-10T16:18:48]: fix character encoding in logs
Commit [2025-11-13T16:48:01]: refactor vault schema for better performance
Commit [2025-11-13T20:52:35]: initialize project structure
Commit [2025-11-13T08:07:55]: document internal api endpoints
Commit [2025-11-13T15:27:48]: refine security policy and test plan
Commit [2025-11-13T12:57:47]: refine security policy and test plan
Commit [2025-11-13T13:59:14]: integrate rich console dashboard
Commit [2025-11-13T13:04:06]: add residential proxy rotation logic
Commit [2025-11-13T09:00:49]: standardize logging across all modules
Commit [2025-11-17T17:00:34]: add dynamic phishlet loading
Commit [2025-11-17T15:55:20]: implement gpu fingerprinting detection
Commit [2025-11-17T16:17:43]: fix memory leak in stream monitor
Commit [2025-11-17T17:11:04]: implement secure process spawning
Commit [2025-11-17T11:39:11]: document internal api endpoints
Commit [2025-11-17T12:53:40]: update operational quickstart
Commit [2025-11-17T17:22:52]: correct tls-fingerprint mismatch for m365
Commit [2025-11-17T07:54:20]: optimize memory footprint of supervisor
Commit [2025-11-21T14:18:41]: refactor vault schema for better performance
Commit [2025-11-21T13:45:15]: setup docker compose environment
Commit [2025-11-21T10:29:55]: add dynamic phishlet loading
Commit [2025-11-21T13:23:31]: update operational quickstart
Commit [2025-11-21T08:30:56]: initialize project structure
Commit [2025-11-21T13:10:42]: refactor vault schema for better performance
Commit [2025-11-21T16:25:00]: initialize project structure
Commit [2025-11-21T10:13:48]: configure linting rules
Commit [2025-11-27T17:25:22]: document internal api endpoints
Commit [2025-11-27T07:59:16]: document internal api endpoints
Commit [2025-11-27T11:01:05]: cleanup redundant network filtering
Commit [2025-11-27T12:17:10]: update dependencies in requirements.txt
Commit [2025-11-27T10:42:19]: initialize project structure
Commit [2025-11-27T20:10:40]: initialize project structure
Commit [2025-11-27T11:35:45]: optimize memory footprint of supervisor
Commit [2025-11-27T10:26:26]: integrate rich console dashboard
Commit [2025-11-30T16:42:59]: resolve zombie process creation in supervisor
Commit [2025-12-01T11:20:29]: setup docker compose environment
Commit [2025-12-01T14:13:07]: fix race condition in vault write
Commit [2025-12-01T12:19:47]: update dependencies in requirements.txt
Commit [2025-12-01T09:46:50]: configure linting rules
Commit [2025-12-01T14:20:39]: translate documentation to technical english
Commit [2025-12-01T13:20:28]: correct regex for sensitive data masking
Commit [2025-12-01T12:51:01]: modularize core engine management
Commit [2025-12-02T07:58:57]: refactor vault schema for better performance
Commit [2025-12-02T12:09:03]: add telegram reporter module
Commit [2025-12-02T15:45:28]: modularize core engine management
Commit [2025-12-02T09:28:16]: refactor vault schema for better performance
Commit [2025-12-02T08:29:05]: refine security policy and test plan
Commit [2025-12-02T13:26:28]: cleanup redundant network filtering
Commit [2025-12-02T07:22:25]: add dynamic phishlet loading
Commit [2025-12-02T14:47:57]: fix memory leak in stream monitor
Commit [2025-12-04T08:52:28]: correct regex for sensitive data masking
Commit [2025-12-04T10:47:27]: fix character encoding in logs
Commit [2025-12-04T16:21:58]: initialize master architectural guide
Commit [2025-12-04T10:44:30]: initialize project structure
Commit [2025-12-04T17:31:54]: translate documentation to technical english
Commit [2025-12-04T10:55:19]: document internal api endpoints
Commit [2025-12-05T12:12:52]: implement secure process spawning
Commit [2025-12-05T17:05:34]: cleanup redundant network filtering
Commit [2025-12-05T14:35:11]: expand technical footprint report
Commit [2025-12-05T19:26:44]: initialize master architectural guide
Commit [2025-12-05T13:56:21]: add asynchronous terminal supervisor
Commit [2025-12-09T17:04:17]: add professional disclaimer to license
Commit [2025-12-09T12:08:35]: add professional disclaimer to license
Commit [2025-12-09T11:39:31]: configure linting rules
Commit [2025-12-12T12:13:39]: document internal api endpoints
Commit [2025-12-12T09:30:10]: setup docker compose environment
Commit [2025-12-12T14:22:02]: configure linting rules
Commit [2025-12-12T10:17:05]: refactor vault schema for better performance
Commit [2025-12-12T09:03:55]: correct regex for sensitive data masking
Commit [2025-12-12T16:08:05]: optimize memory footprint of supervisor
Commit [2025-12-12T09:35:03]: setup docker compose environment
Commit [2025-12-12T15:07:12]: cleanup redundant network filtering
Commit [2025-12-16T15:28:59]: expand technical footprint report
Commit [2025-12-16T13:51:42]: configure linting rules
Commit [2025-12-16T09:22:51]: add dynamic phishlet loading
Commit [2025-12-16T11:05:47]: fix memory leak in stream monitor
Commit [2025-12-16T15:13:30]: initialize project structure
Commit [2025-12-16T15:01:48]: refine security policy and test plan
Commit [2025-12-19T14:36:03]: expand technical footprint report
Commit [2025-12-19T17:30:47]: correct tls-fingerprint mismatch for m365
Commit [2025-12-19T16:40:59]: implement polymorphic cloaking redirector
Commit [2025-12-19T13:41:03]: update operational quickstart
Commit [2025-12-19T16:26:24]: correct regex for sensitive data masking
Commit [2025-12-19T15:11:20]: update dependencies in requirements.txt
Commit [2025-12-19T09:19:18]: initialize project structure
Commit [2025-12-24T17:13:09]: update operational quickstart
Commit [2025-12-24T09:18:12]: correct tls-fingerprint mismatch for m365
Commit [2025-12-24T15:11:47]: initialize project structure
Commit [2025-12-24T07:17:08]: standardize logging across all modules
Commit [2025-12-24T15:19:51]: document internal api endpoints
Commit [2025-12-24T12:09:39]: fix memory leak in stream monitor
Commit [2025-12-24T11:31:10]: optimize memory footprint of supervisor
Commit [2025-12-24T13:01:14]: configure linting rules
Commit [2025-12-24T12:13:30]: add residential proxy rotation logic
Commit [2025-12-24T15:12:20]: initialize master architectural guide
Commit [2025-12-26T15:52:12]: correct tls-fingerprint mismatch for m365
Commit [2025-12-26T15:05:06]: update operational quickstart
Commit [2025-12-26T13:47:29]: fix memory leak in stream monitor
Commit [2025-12-26T17:36:28]: initialize project structure
Commit [2025-12-28T09:23:24]: resolve zombie process creation in supervisor
Commit [2025-12-28T12:17:08]: optimize memory footprint of supervisor
Commit [2025-12-31T14:06:05]: cleanup redundant network filtering
Commit [2025-12-31T15:30:55]: integrate fastapi nervous system
Commit [2025-12-31T17:28:34]: fix character encoding in logs
Commit [2025-12-31T08:12:13]: correct tls-fingerprint mismatch for m365
Commit [2025-12-31T17:55:22]: configure linting rules
Commit [2025-12-31T10:42:21]: setup docker compose environment
Commit [2025-12-31T11:00:02]: add residential proxy rotation logic
Commit [2026-01-02T12:28:20]: translate documentation to technical english
Commit [2026-01-02T09:04:10]: translate documentation to technical english
Commit [2026-01-02T16:59:22]: document internal api endpoints
Commit [2026-01-02T12:42:52]: standardize logging across all modules
Commit [2026-01-06T12:36:24]: integrate fastapi nervous system
Commit [2026-01-06T16:13:57]: add asynchronous terminal supervisor
Commit [2026-01-06T12:58:12]: integrate fastapi nervous system
Commit [2026-01-06T15:05:59]: setup docker compose environment
Commit [2026-01-06T10:58:31]: modularize core engine management
Commit [2026-01-12T21:09:00]: initialize project structure
Commit [2026-01-12T12:32:32]: setup docker compose environment
Commit [2026-01-12T13:00:29]: initialize project structure
Commit [2026-01-12T11:39:33]: resolve timeout on heavy load
Commit [2026-01-12T11:02:16]: add professional disclaimer to license
Commit [2026-01-12T12:28:37]: setup docker compose environment
Commit [2026-01-13T12:14:34]: add telegram reporter module
Commit [2026-01-13T11:49:34]: resolve timeout on heavy load
Commit [2026-01-13T10:06:34]: optimize memory footprint of supervisor
Commit [2026-01-14T11:06:50]: standardize logging across all modules
Commit [2026-01-14T12:58:51]: standardize logging across all modules
Commit [2026-01-14T12:08:25]: fix memory leak in stream monitor
Commit [2026-01-14T17:20:39]: update operational quickstart
Commit [2026-01-14T09:00:40]: standardize logging across all modules
Commit [2026-01-14T14:31:52]: update dependencies in requirements.txt
Commit [2026-01-14T11:18:24]: add sqlite vault persistence
Commit [2026-01-14T11:35:53]: refactor vault schema for better performance
Commit [2026-01-14T15:18:16]: initialize master architectural guide
Commit [2026-01-14T11:33:53]: resolve zombie process creation in supervisor
Commit [2026-01-15T17:53:37]: initialize master architectural guide
Commit [2026-01-15T13:15:27]: refactor vault schema for better performance
Commit [2026-01-15T08:13:47]: refactor vault schema for better performance
Commit [2026-01-15T13:29:33]: update dependencies in requirements.txt
Commit [2026-01-15T12:57:18]: refactor vault schema for better performance
Commit [2026-01-15T11:09:28]: refine security policy and test plan
Commit [2026-01-15T14:21:14]: fix memory leak in stream monitor
Commit [2026-01-20T09:51:32]: initialize project structure
Commit [2026-01-20T09:31:20]: translate documentation to technical english
Commit [2026-01-20T07:27:19]: fix character encoding in logs
Commit [2026-01-20T12:36:42]: initialize project structure
Commit [2026-01-20T10:35:09]: configure linting rules
Commit [2026-01-20T15:02:31]: fix character encoding in logs
Commit [2026-01-20T14:02:31]: implement self-healing engine loops
Commit [2026-01-20T09:48:30]: integrate rich console dashboard
Commit [2026-01-22T13:04:50]: optimize memory footprint of supervisor
Commit [2026-01-22T12:02:58]: correct tls-fingerprint mismatch for m365
Commit [2026-01-22T11:29:16]: refactor vault schema for better performance
Commit [2026-01-22T17:58:34]: implement polymorphic cloaking redirector
Commit [2026-01-22T07:00:18]: update operational quickstart
Commit [2026-01-22T10:11:01]: standardize logging across all modules
Commit [2026-01-22T13:50:53]: add asynchronous terminal supervisor
Commit [2026-01-22T10:56:22]: implement self-healing engine loops
Commit [2026-01-29T15:45:24]: add residential proxy rotation logic
Commit [2026-01-29T21:49:29]: implement gpu fingerprinting detection
Commit [2026-01-29T10:40:24]: resolve timeout on heavy load
Commit [2026-01-29T08:08:15]: initialize master architectural guide
Commit [2026-01-29T20:15:32]: refactor vault schema for better performance
Commit [2026-01-29T22:48:44]: implement gpu fingerprinting detection
Commit [2026-01-29T14:54:00]: update operational quickstart
Commit [2026-01-29T17:28:29]: add sqlite vault persistence
Commit [2026-01-30T17:32:28]: configure linting rules
Commit [2026-01-30T09:44:24]: add sqlite vault persistence
Commit [2026-01-30T09:48:39]: initialize master architectural guide
Commit [2026-01-30T08:26:47]: add dynamic phishlet loading
Commit [2026-01-30T19:46:07]: standardize logging across all modules
Commit [2026-01-30T14:48:00]: implement secure process spawning
<<<<<<< HEAD
<<<<<<< HEAD
Commit [2025-11-02T15:25:41]: correct regex for sensitive data masking
Commit [2025-11-03T15:51:32]: integrate fastapi nervous system
Commit [2025-11-03T14:04:32]: integrate rich console dashboard
Commit [2025-11-03T11:37:47]: fix race condition in vault write
Commit [2025-11-03T16:06:23]: fix race condition in vault write
Commit [2025-11-03T12:47:49]: refine security policy and test plan
Commit [2025-11-03T12:42:03]: update dependencies in requirements.txt
Commit [2025-11-04T11:34:59]: update dependencies in requirements.txt
Commit [2025-11-04T13:36:53]: implement self-healing engine loops
Commit [2025-11-04T09:18:24]: resolve timeout on heavy load
Commit [2025-11-04T16:57:21]: expand technical footprint report
Commit [2025-11-04T17:23:07]: resolve timeout on heavy load
Commit [2025-11-04T12:21:35]: correct tls-fingerprint mismatch for m365
Commit [2025-11-04T14:12:47]: update dependencies in requirements.txt
Commit [2025-11-04T15:04:01]: configure linting rules
Commit [2025-11-04T13:42:59]: fix character encoding in logs
Commit [2025-11-04T17:41:36]: correct tls-fingerprint mismatch for m365
Commit [2025-11-07T16:44:32]: add residential proxy rotation logic
Commit [2025-11-07T12:31:51]: update dependencies in requirements.txt
Commit [2025-11-07T12:23:46]: initialize project structure
Commit [2025-11-07T12:31:49]: add asynchronous terminal supervisor
=======
=======
>>>>>>> feat/api-nervous-system
Commit [2025-11-04T08:23:22]: fix character encoding in logs
Commit [2025-11-04T10:40:44]: update operational quickstart
Commit [2025-11-04T16:45:26]: optimize memory footprint of supervisor
Commit [2025-11-04T11:38:57]: standardize logging across all modules
Commit [2025-11-04T12:10:38]: add sqlite vault persistence
Commit [2025-11-04T10:46:44]: refine security policy and test plan
Commit [2025-11-05T13:13:22]: setup docker compose environment
Commit [2025-11-05T14:29:57]: standardize logging across all modules
Commit [2025-11-05T15:39:36]: fix race condition in vault write
Commit [2025-11-05T16:37:39]: configure linting rules
Commit [2025-11-05T10:58:26]: add professional disclaimer to license
Commit [2025-11-05T16:14:00]: configure linting rules
Commit [2025-11-05T12:19:49]: add telegram reporter module
Commit [2025-11-05T10:57:48]: refactor vault schema for better performance
Commit [2025-11-05T09:38:17]: configure linting rules
Commit [2025-11-10T14:26:02]: cleanup redundant network filtering
Commit [2025-11-10T16:14:35]: correct regex for sensitive data masking
Commit [2025-11-10T08:43:13]: add dynamic phishlet loading
Commit [2025-11-10T17:46:35]: integrate fastapi nervous system
Commit [2025-11-10T12:44:08]: resolve timeout on heavy load
Commit [2025-11-11T11:01:36]: initialize project structure
Commit [2025-11-11T07:08:03]: update dependencies in requirements.txt
Commit [2025-11-11T21:09:14]: fix memory leak in stream monitor
Commit [2025-11-11T17:22:42]: update operational quickstart
Commit [2025-11-11T15:55:31]: translate documentation to technical english
Commit [2025-11-17T09:57:10]: update dependencies in requirements.txt
Commit [2025-11-17T17:29:36]: setup docker compose environment
Commit [2025-11-17T17:00:52]: add professional disclaimer to license
Commit [2025-11-17T11:38:22]: update dependencies in requirements.txt
Commit [2025-11-17T11:56:44]: refactor vault schema for better performance
Commit [2025-11-17T08:12:21]: initialize project structure
Commit [2025-11-17T19:20:43]: fix race condition in vault write
Commit [2025-11-18T13:38:01]: resolve timeout on heavy load
Commit [2025-11-18T15:42:26]: setup docker compose environment
Commit [2025-11-18T22:22:52]: configure linting rules
Commit [2025-11-18T09:43:23]: cleanup redundant network filtering
Commit [2025-11-18T17:08:55]: initialize project structure
Commit [2025-11-18T16:35:07]: add sqlite vault persistence
Commit [2025-11-18T15:56:12]: add residential proxy rotation logic
Commit [2025-11-18T17:49:32]: standardize logging across all modules
Commit [2025-11-19T10:55:54]: initialize master architectural guide
Commit [2025-11-19T14:57:05]: modularize core engine management
Commit [2025-11-19T10:21:55]: update dependencies in requirements.txt
Commit [2025-11-20T10:17:34]: add professional disclaimer to license
Commit [2025-11-20T14:35:37]: expand technical footprint report
Commit [2025-11-20T14:28:59]: fix character encoding in logs
Commit [2025-11-20T14:40:27]: update dependencies in requirements.txt
Commit [2025-11-20T12:34:13]: cleanup redundant network filtering
Commit [2025-11-20T13:09:07]: initialize master architectural guide
Commit [2025-11-20T12:55:56]: resolve timeout on heavy load
Commit [2025-11-20T07:24:40]: modularize core engine management
Commit [2025-11-20T08:07:30]: update dependencies in requirements.txt
Commit [2025-11-20T17:18:51]: cleanup redundant network filtering
Commit [2025-11-21T12:33:15]: resolve timeout on heavy load
Commit [2025-11-21T13:45:50]: add sqlite vault persistence
Commit [2025-11-21T14:50:16]: standardize logging across all modules
Commit [2025-11-21T14:39:32]: setup docker compose environment
Commit [2025-11-21T20:37:14]: initialize master architectural guide
Commit [2025-11-21T17:18:48]: standardize logging across all modules
Commit [2025-11-21T09:05:10]: setup docker compose environment
Commit [2025-11-21T14:52:23]: setup docker compose environment
Commit [2025-11-21T14:24:58]: add sqlite vault persistence
Commit [2025-11-21T09:24:59]: add residential proxy rotation logic
Commit [2025-11-22T12:26:29]: document internal api endpoints
Commit [2025-11-27T14:27:49]: cleanup redundant network filtering
Commit [2025-11-27T17:25:32]: document internal api endpoints
Commit [2025-11-27T17:49:55]: refactor vault schema for better performance
Commit [2025-11-27T09:12:44]: refactor vault schema for better performance
Commit [2025-11-27T17:48:18]: cleanup redundant network filtering
Commit [2025-11-27T07:25:53]: standardize logging across all modules
Commit [2025-11-27T09:35:37]: refine security policy and test plan
Commit [2025-11-27T09:00:49]: standardize logging across all modules
Commit [2025-11-28T15:03:59]: add dynamic phishlet loading
Commit [2025-11-28T15:13:57]: setup docker compose environment
Commit [2025-11-28T12:42:40]: initialize project structure
Commit [2025-11-28T15:47:22]: configure linting rules
Commit [2025-11-28T19:36:42]: standardize logging across all modules
Commit [2025-11-28T16:41:06]: modularize core engine management
Commit [2025-11-28T17:45:08]: update operational quickstart
Commit [2025-11-28T14:58:30]: optimize memory footprint of supervisor
Commit [2025-12-03T15:48:12]: add professional disclaimer to license
Commit [2025-12-03T17:37:35]: resolve timeout on heavy load
Commit [2025-12-03T16:05:48]: integrate rich console dashboard
Commit [2025-12-03T08:04:13]: standardize logging across all modules
Commit [2025-12-05T17:30:15]: update operational quickstart
Commit [2025-12-05T15:46:34]: fix race condition in vault write
Commit [2025-12-05T15:48:32]: fix memory leak in stream monitor
Commit [2025-12-05T16:10:29]: add dynamic phishlet loading
Commit [2025-12-05T20:27:02]: fix race condition in vault write
Commit [2025-12-09T10:55:26]: initialize master architectural guide
Commit [2025-12-09T15:57:10]: standardize logging across all modules
Commit [2025-12-09T15:04:39]: add professional disclaimer to license
Commit [2025-12-09T16:14:32]: refactor vault schema for better performance
Commit [2025-12-09T12:19:47]: initialize project structure
Commit [2025-12-09T11:07:49]: setup docker compose environment
Commit [2025-12-09T08:47:49]: modularize core engine management
Commit [2025-12-11T15:26:26]: resolve zombie process creation in supervisor
Commit [2025-12-11T15:45:55]: update dependencies in requirements.txt
Commit [2025-12-11T17:40:45]: fix memory leak in stream monitor
Commit [2025-12-11T09:01:58]: correct regex for sensitive data masking
Commit [2025-12-16T14:32:22]: standardize logging across all modules
Commit [2025-12-16T12:19:31]: implement polymorphic cloaking redirector
Commit [2025-12-16T10:05:49]: optimize memory footprint of supervisor
Commit [2025-12-19T09:12:05]: initialize project structure
Commit [2025-12-19T08:10:37]: update operational quickstart
Commit [2025-12-19T09:47:42]: add asynchronous terminal supervisor
Commit [2025-12-19T11:01:40]: translate documentation to technical english
Commit [2025-12-19T11:21:41]: document internal api endpoints
Commit [2025-12-19T11:57:18]: setup docker compose environment
Commit [2025-12-24T16:52:57]: optimize memory footprint of supervisor
Commit [2025-12-24T14:38:15]: update dependencies in requirements.txt
Commit [2025-12-24T16:50:42]: refine security policy and test plan
Commit [2025-12-24T14:31:22]: expand technical footprint report
Commit [2025-12-24T13:55:09]: add professional disclaimer to license
Commit [2025-12-24T11:38:44]: fix character encoding in logs
Commit [2025-12-24T16:03:20]: refactor vault schema for better performance
Commit [2025-12-25T10:47:09]: initialize project structure
Commit [2025-12-25T17:32:44]: configure linting rules
Commit [2025-12-25T11:29:55]: standardize logging across all modules
Commit [2025-12-25T21:22:53]: standardize logging across all modules
Commit [2025-12-25T22:25:24]: setup docker compose environment
Commit [2025-12-29T10:31:20]: add sqlite vault persistence
Commit [2025-12-29T09:21:48]: setup docker compose environment
Commit [2025-12-29T14:29:38]: expand technical footprint report
Commit [2025-12-29T10:36:10]: implement secure process spawning
Commit [2025-12-29T12:50:49]: fix race condition in vault write
Commit [2025-12-29T17:16:32]: add professional disclaimer to license
Commit [2025-12-29T10:07:18]: correct regex for sensitive data masking
Commit [2025-12-29T09:00:20]: implement secure process spawning
Commit [2025-12-29T15:21:46]: resolve timeout on heavy load
Commit [2026-01-06T14:24:40]: fix race condition in vault write
Commit [2026-01-06T10:00:38]: optimize memory footprint of supervisor
Commit [2026-01-06T17:22:36]: implement modular orchestrator logic
Commit [2026-01-06T13:39:38]: cleanup redundant network filtering
Commit [2026-01-06T20:49:13]: add professional disclaimer to license
Commit [2026-01-06T16:10:36]: initialize master architectural guide
Commit [2026-01-06T22:46:36]: setup docker compose environment
Commit [2026-01-06T14:05:23]: integrate fastapi nervous system
Commit [2026-01-09T07:25:55]: add sqlite vault persistence
Commit [2026-01-09T07:14:20]: add telegram reporter module
Commit [2026-01-09T17:52:21]: add asynchronous terminal supervisor
Commit [2026-01-09T15:17:06]: cleanup redundant network filtering
Commit [2026-01-09T07:34:47]: setup docker compose environment
Commit [2026-01-09T14:20:32]: optimize memory footprint of supervisor
Commit [2026-01-11T09:57:44]: document internal api endpoints
Commit [2026-01-11T11:44:37]: initialize project structure
Commit [2026-01-14T08:17:37]: refactor vault schema for better performance
Commit [2026-01-14T15:22:14]: update dependencies in requirements.txt
Commit [2026-01-14T12:03:08]: fix memory leak in stream monitor
Commit [2026-01-14T11:08:32]: initialize master architectural guide
Commit [2026-01-14T22:39:05]: fix character encoding in logs
Commit [2026-01-14T09:12:28]: configure linting rules
Commit [2026-01-16T09:10:42]: configure linting rules
Commit [2026-01-16T15:02:08]: optimize memory footprint of supervisor
Commit [2026-01-16T13:26:38]: expand technical footprint report
Commit [2026-01-16T10:56:49]: setup docker compose environment
Commit [2026-01-21T13:45:33]: implement self-healing engine loops
Commit [2026-01-21T17:54:54]: optimize memory footprint of supervisor
Commit [2026-01-21T12:48:05]: initialize master architectural guide
Commit [2026-01-21T10:05:09]: resolve timeout on heavy load
Commit [2026-01-21T10:46:03]: correct regex for sensitive data masking
Commit [2026-01-21T13:35:20]: refine security policy and test plan
Commit [2026-01-21T07:48:19]: optimize memory footprint of supervisor
Commit [2026-01-21T11:05:34]: resolve timeout on heavy load
Commit [2026-01-22T13:27:18]: fix memory leak in stream monitor
Commit [2026-01-22T17:36:25]: cleanup redundant network filtering
Commit [2026-01-22T15:25:17]: update dependencies in requirements.txt
Commit [2026-01-22T14:50:44]: fix memory leak in stream monitor
Commit [2026-01-22T16:54:25]: correct regex for sensitive data masking
Commit [2026-01-26T12:31:41]: modularize core engine management
Commit [2026-01-26T21:16:45]: refine security policy and test plan
Commit [2026-01-26T14:45:51]: add telegram reporter module
Commit [2026-01-26T14:45:48]: implement polymorphic cloaking redirector
Commit [2026-01-26T22:32:58]: correct tls-fingerprint mismatch for m365
Commit [2026-01-26T16:48:21]: modularize core engine management
Commit [2026-01-26T12:21:27]: add residential proxy rotation logic
Commit [2026-01-27T13:48:19]: refactor vault schema for better performance
Commit [2026-01-27T15:59:25]: correct tls-fingerprint mismatch for m365
Commit [2026-01-27T10:20:53]: add telegram reporter module
Commit [2026-01-28T14:23:39]: fix character encoding in logs
Commit [2026-01-28T12:11:03]: implement polymorphic cloaking redirector
Commit [2026-01-28T12:21:18]: standardize logging across all modules
Commit [2026-01-28T12:57:33]: setup docker compose environment
Commit [2026-01-30T12:33:54]: standardize logging across all modules
Commit [2026-01-30T11:12:24]: modularize core engine management
Commit [2026-01-30T10:28:34]: implement secure process spawning
Commit [2026-01-30T11:48:00]: implement secure process spawning
Commit [2026-01-30T09:51:50]: implement secure process spawning
Commit [2026-01-30T15:42:42]: configure linting rules
Commit [2026-02-02T09:42:46]: standardize logging across all modules
Commit [2026-02-02T13:30:38]: optimize memory footprint of supervisor
Commit [2026-02-02T14:29:14]: optimize memory footprint of supervisor
Commit [2026-02-02T09:07:28]: update operational quickstart
Commit [2026-02-02T08:45:48]: cleanup redundant network filtering
Commit [2026-02-02T12:22:11]: expand technical footprint report
Commit [2026-02-02T11:47:03]: modularize core engine management
Commit [2026-02-02T15:09:58]: add dynamic phishlet loading
Commit [2026-02-02T13:16:39]: resolve timeout on heavy load
Commit [2026-02-02T09:35:44]: add asynchronous terminal supervisor
Commit [2025-11-03T14:15:36]: cleanup redundant network filtering
Commit [2025-11-03T17:12:40]: refactor vault schema for better performance
Commit [2025-11-03T07:42:03]: setup docker compose environment
Commit [2025-11-03T10:39:34]: add professional disclaimer to license
Commit [2025-11-06T12:51:35]: update operational quickstart
Commit [2025-11-06T17:52:35]: initialize project structure
Commit [2025-11-06T09:26:16]: fix memory leak in stream monitor
Commit [2025-11-06T09:48:53]: initialize master architectural guide
Commit [2025-11-06T15:11:35]: optimize memory footprint of supervisor
Commit [2025-11-06T12:25:35]: document internal api endpoints
Commit [2025-11-07T10:04:26]: setup docker compose environment
Commit [2025-11-07T09:55:24]: initialize project structure
Commit [2025-11-07T09:06:25]: refine security policy and test plan
Commit [2025-11-07T16:11:48]: fix character encoding in logs
Commit [2025-11-07T10:17:30]: modularize core engine management
Commit [2025-11-07T12:00:14]: resolve timeout on heavy load
Commit [2025-11-07T09:33:28]: resolve zombie process creation in supervisor
Commit [2025-11-07T10:36:26]: update operational quickstart
Commit [2025-11-07T07:17:01]: standardize logging across all modules
Commit [2025-11-07T17:24:03]: cleanup redundant network filtering
Commit [2025-11-23T17:20:06]: implement secure process spawning
Commit [2025-11-25T10:50:19]: initialize project structure
Commit [2025-11-25T09:08:54]: add professional disclaimer to license
Commit [2025-11-25T16:40:56]: implement modular orchestrator logic
Commit [2025-11-25T17:16:12]: update dependencies in requirements.txt
Commit [2025-11-25T13:59:10]: modularize core engine management
Commit [2025-11-25T21:29:10]: optimize memory footprint of supervisor
Commit [2025-11-25T12:58:19]: initialize project structure
Commit [2025-11-25T11:59:38]: initialize master architectural guide
Commit [2025-11-25T12:06:48]: configure linting rules
Commit [2025-11-25T13:05:03]: add professional disclaimer to license
Commit [2025-11-26T17:11:46]: update dependencies in requirements.txt
Commit [2025-11-26T15:53:46]: setup docker compose environment
Commit [2025-11-26T13:17:07]: implement gpu fingerprinting detection
Commit [2025-11-26T07:25:01]: initialize project structure
Commit [2025-11-26T12:54:12]: update operational quickstart
Commit [2025-11-26T08:50:04]: implement polymorphic cloaking redirector
Commit [2025-11-26T09:22:23]: initialize master architectural guide
Commit [2025-12-01T12:09:16]: correct tls-fingerprint mismatch for m365
Commit [2025-12-01T12:41:47]: initialize project structure
Commit [2025-12-01T07:19:05]: add residential proxy rotation logic
Commit [2025-12-01T14:32:10]: cleanup redundant network filtering
Commit [2025-12-04T13:03:21]: fix memory leak in stream monitor
Commit [2025-12-04T10:14:25]: refine security policy and test plan
Commit [2025-12-04T13:26:48]: fix character encoding in logs
Commit [2025-12-04T17:33:59]: implement gpu fingerprinting detection
Commit [2025-12-04T16:26:47]: update dependencies in requirements.txt
Commit [2025-12-04T16:42:50]: resolve timeout on heavy load
Commit [2025-12-04T15:35:39]: translate documentation to technical english
Commit [2025-12-04T09:02:46]: implement self-healing engine loops
Commit [2025-12-04T12:19:20]: implement self-healing engine loops
Commit [2025-12-04T11:04:14]: correct tls-fingerprint mismatch for m365
Commit [2025-12-05T11:02:46]: refactor vault schema for better performance
Commit [2025-12-05T10:13:17]: initialize project structure
Commit [2025-12-05T13:10:18]: configure linting rules
Commit [2025-12-05T09:27:20]: cleanup redundant network filtering
Commit [2025-12-05T11:38:50]: optimize memory footprint of supervisor
Commit [2025-12-08T12:12:24]: modularize core engine management
Commit [2025-12-08T15:51:30]: update dependencies in requirements.txt
Commit [2025-12-08T13:58:52]: add sqlite vault persistence
Commit [2025-12-11T12:05:59]: cleanup redundant network filtering
Commit [2025-12-11T14:30:56]: cleanup redundant network filtering
Commit [2025-12-11T08:26:14]: refactor vault schema for better performance
Commit [2025-12-11T17:49:57]: modularize core engine management
Commit [2025-12-11T17:52:31]: initialize project structure
Commit [2025-12-11T14:04:12]: update dependencies in requirements.txt
Commit [2025-12-16T14:37:52]: cleanup redundant network filtering
Commit [2025-12-16T22:12:53]: implement polymorphic cloaking redirector
Commit [2025-12-16T11:56:00]: add asynchronous terminal supervisor
Commit [2025-12-16T14:00:48]: cleanup redundant network filtering
Commit [2025-12-16T12:03:06]: add professional disclaimer to license
Commit [2025-12-16T09:58:49]: configure linting rules
Commit [2025-12-17T11:25:22]: standardize logging across all modules
Commit [2025-12-17T10:13:21]: initialize project structure
Commit [2025-12-17T14:48:57]: add professional disclaimer to license
Commit [2025-12-18T10:39:12]: fix memory leak in stream monitor
Commit [2025-12-18T12:23:16]: optimize memory footprint of supervisor
Commit [2025-12-18T10:45:36]: expand technical footprint report
Commit [2025-12-18T12:10:27]: refactor vault schema for better performance
Commit [2025-12-18T11:18:34]: optimize memory footprint of supervisor
Commit [2025-12-18T14:57:03]: implement modular orchestrator logic
Commit [2025-12-18T11:17:02]: initialize project structure
Commit [2025-12-18T12:52:55]: document internal api endpoints
Commit [2025-12-19T14:54:45]: configure linting rules
Commit [2025-12-19T12:34:26]: implement self-healing engine loops
Commit [2025-12-19T10:44:05]: initialize master architectural guide
Commit [2025-12-19T14:46:16]: update dependencies in requirements.txt
Commit [2025-12-19T10:18:33]: resolve zombie process creation in supervisor
Commit [2025-12-23T11:14:36]: add asynchronous terminal supervisor
Commit [2025-12-23T11:46:55]: fix character encoding in logs
Commit [2025-12-23T14:16:28]: expand technical footprint report
Commit [2025-12-23T15:57:55]: fix race condition in vault write
Commit [2025-12-24T10:23:43]: configure linting rules
Commit [2025-12-24T14:05:28]: configure linting rules
Commit [2025-12-24T13:45:21]: optimize memory footprint of supervisor
Commit [2025-12-26T15:35:35]: fix race condition in vault write
Commit [2025-12-26T12:42:01]: fix memory leak in stream monitor
Commit [2025-12-26T14:13:23]: standardize logging across all modules
Commit [2025-12-26T12:24:10]: resolve timeout on heavy load
Commit [2025-12-26T15:30:07]: add dynamic phishlet loading
Commit [2026-01-05T17:37:42]: configure linting rules
Commit [2026-01-05T15:01:53]: standardize logging across all modules
Commit [2026-01-05T15:47:07]: initialize project structure
Commit [2026-01-07T08:07:18]: document internal api endpoints
Commit [2026-01-07T15:57:49]: setup docker compose environment
Commit [2026-01-07T11:45:21]: fix character encoding in logs
Commit [2026-01-07T17:33:10]: setup docker compose environment
Commit [2026-01-07T10:12:07]: optimize memory footprint of supervisor
Commit [2026-01-07T10:05:48]: configure linting rules
Commit [2026-01-07T11:10:48]: fix memory leak in stream monitor
Commit [2026-01-07T13:34:44]: initialize project structure
Commit [2026-01-08T14:01:59]: configure linting rules
Commit [2026-01-08T13:39:01]: modularize core engine management
Commit [2026-01-08T07:52:06]: implement modular orchestrator logic
Commit [2026-01-08T11:23:19]: initialize master architectural guide
Commit [2026-01-08T14:28:51]: optimize memory footprint of supervisor
Commit [2026-01-08T13:41:25]: update operational quickstart
Commit [2026-01-08T11:45:51]: implement modular orchestrator logic
Commit [2026-01-09T07:55:09]: standardize logging across all modules
Commit [2026-01-09T09:39:36]: initialize project structure
Commit [2026-01-09T20:01:59]: integrate fastapi nervous system
Commit [2026-01-09T16:02:07]: fix character encoding in logs
Commit [2026-01-09T12:37:21]: configure linting rules
Commit [2026-01-12T16:42:08]: add sqlite vault persistence
Commit [2026-01-12T12:38:21]: configure linting rules
Commit [2026-01-12T15:09:29]: fix memory leak in stream monitor
Commit [2026-01-12T10:14:30]: fix memory leak in stream monitor
Commit [2026-01-12T11:40:52]: fix character encoding in logs
Commit [2026-01-12T07:20:02]: standardize logging across all modules
Commit [2026-01-12T14:53:57]: setup docker compose environment
Commit [2026-01-12T13:34:24]: fix race condition in vault write
Commit [2026-01-12T10:45:22]: update dependencies in requirements.txt
Commit [2026-01-13T10:39:34]: add asynchronous terminal supervisor
Commit [2026-01-13T07:28:31]: initialize master architectural guide
Commit [2026-01-13T17:25:00]: add dynamic phishlet loading
Commit [2026-01-13T12:50:23]: resolve timeout on heavy load
Commit [2026-01-15T11:07:21]: cleanup redundant network filtering
Commit [2026-01-15T09:13:35]: update dependencies in requirements.txt
Commit [2026-01-15T11:30:26]: refine security policy and test plan
Commit [2026-01-15T17:47:58]: refine security policy and test plan
Commit [2026-01-15T12:32:24]: correct regex for sensitive data masking
Commit [2026-01-15T09:52:59]: document internal api endpoints
Commit [2026-01-16T17:11:48]: implement secure process spawning
Commit [2026-01-16T09:30:53]: translate documentation to technical english
Commit [2026-01-16T17:33:37]: document internal api endpoints
Commit [2026-01-16T14:34:15]: update dependencies in requirements.txt
Commit [2026-01-16T13:58:18]: cleanup redundant network filtering
Commit [2026-01-16T17:09:52]: initialize project structure
Commit [2026-01-16T09:56:35]: standardize logging across all modules
Commit [2026-01-16T14:21:19]: update dependencies in requirements.txt
Commit [2026-01-21T14:14:09]: standardize logging across all modules
Commit [2026-01-21T10:01:50]: add residential proxy rotation logic
Commit [2026-01-21T17:13:04]: cleanup redundant network filtering
Commit [2026-01-21T14:05:19]: standardize logging across all modules
Commit [2026-01-21T12:53:46]: refine security policy and test plan
Commit [2026-01-21T17:59:56]: initialize master architectural guide
Commit [2026-01-21T15:32:24]: resolve zombie process creation in supervisor
Commit [2026-01-21T17:40:54]: fix race condition in vault write
Commit [2026-01-21T13:53:31]: resolve timeout on heavy load
Commit [2026-01-24T14:44:33]: optimize memory footprint of supervisor
<<<<<<< HEAD
>>>>>>> feat/exfiltration-telegram
Commit [2025-11-09T22:00:48]: add residential proxy rotation logic
Commit [2025-11-11T11:52:12]: optimize memory footprint of supervisor
Commit [2025-11-11T12:08:21]: optimize memory footprint of supervisor
Commit [2025-11-11T14:05:23]: resolve zombie process creation in supervisor
Commit [2025-11-18T15:26:39]: initialize master architectural guide
Commit [2025-11-18T09:59:16]: configure linting rules
Commit [2025-11-18T12:04:28]: refine security policy and test plan
Commit [2025-11-18T13:41:54]: implement polymorphic cloaking redirector
Commit [2025-11-18T16:04:17]: correct regex for sensitive data masking
Commit [2025-11-18T12:16:46]: update operational quickstart
Commit [2025-11-18T13:25:53]: modularize core engine management
Commit [2025-11-18T17:59:28]: resolve timeout on heavy load
Commit [2025-11-18T16:11:22]: implement gpu fingerprinting detection
Commit [2025-11-19T17:41:46]: implement polymorphic cloaking redirector
Commit [2025-11-19T16:24:07]: initialize project structure
Commit [2025-11-19T17:57:26]: modularize core engine management
Commit [2025-11-19T11:45:51]: implement gpu fingerprinting detection
Commit [2025-11-19T16:19:05]: implement modular orchestrator logic
Commit [2025-11-19T12:47:32]: add asynchronous terminal supervisor
Commit [2025-11-20T12:56:24]: add sqlite vault persistence
Commit [2025-11-20T17:31:13]: integrate fastapi nervous system
Commit [2025-11-20T11:02:12]: standardize logging across all modules
Commit [2025-11-20T13:05:14]: integrate fastapi nervous system
Commit [2025-11-20T10:44:08]: correct tls-fingerprint mismatch for m365
Commit [2025-11-21T13:01:04]: configure linting rules
Commit [2025-11-21T13:21:24]: resolve timeout on heavy load
Commit [2025-11-21T17:33:58]: add professional disclaimer to license
Commit [2025-11-21T08:44:56]: refine security policy and test plan
Commit [2025-11-21T16:54:15]: implement gpu fingerprinting detection
Commit [2025-11-21T17:44:41]: initialize project structure
Commit [2025-11-21T12:31:39]: integrate fastapi nervous system
Commit [2025-11-21T13:57:13]: expand technical footprint report
=======
Commit [2026-01-28T16:23:44]: fix memory leak in stream monitor
Commit [2026-01-28T14:22:54]: implement gpu fingerprinting detection
Commit [2026-01-28T15:12:53]: configure linting rules
Commit [2026-01-30T17:33:43]: add residential proxy rotation logic
Commit [2026-01-30T11:11:23]: fix character encoding in logs
Commit [2026-01-30T13:18:43]: implement secure process spawning
Commit [2026-01-30T07:29:17]: add telegram reporter module
Commit [2026-02-03T13:48:40]: standardize logging across all modules
Commit [2026-02-03T16:33:23]: fix memory leak in stream monitor
Commit [2026-02-03T09:00:30]: configure linting rules
>>>>>>> feat/api-nervous-system
Commit [2025-11-26T13:30:08]: setup docker compose environment
Commit [2025-11-26T15:58:47]: document internal api endpoints
Commit [2025-11-26T12:49:21]: update operational quickstart
Commit [2025-11-26T10:50:14]: add sqlite vault persistence
Commit [2025-11-26T16:35:39]: refactor vault schema for better performance
Commit [2025-11-26T16:34:14]: add sqlite vault persistence
Commit [2025-11-27T08:40:30]: setup docker compose environment
Commit [2025-11-27T11:10:09]: add professional disclaimer to license
Commit [2025-11-27T17:05:38]: resolve timeout on heavy load
Commit [2025-11-27T14:56:39]: update operational quickstart
Commit [2025-11-27T10:50:34]: resolve zombie process creation in supervisor
Commit [2025-11-27T21:49:29]: update dependencies in requirements.txt
Commit [2025-11-27T10:05:26]: modularize core engine management
Commit [2025-11-27T13:31:12]: fix race condition in vault write
Commit [2025-11-27T22:45:56]: add sqlite vault persistence
Commit [2025-12-02T12:42:21]: add asynchronous terminal supervisor
Commit [2025-12-02T13:55:10]: initialize project structure
Commit [2025-12-02T08:21:09]: add sqlite vault persistence
Commit [2025-12-02T09:20:02]: update dependencies in requirements.txt
Commit [2025-12-02T17:06:53]: optimize memory footprint of supervisor
Commit [2025-12-02T09:02:51]: resolve zombie process creation in supervisor
Commit [2025-12-02T10:23:56]: resolve zombie process creation in supervisor
Commit [2025-12-02T12:18:50]: resolve zombie process creation in supervisor
Commit [2025-12-03T15:31:58]: add telegram reporter module
Commit [2025-12-03T22:08:05]: update dependencies in requirements.txt
Commit [2025-12-03T09:20:21]: update dependencies in requirements.txt
Commit [2025-12-04T14:14:35]: add professional disclaimer to license
Commit [2025-12-04T09:16:26]: setup docker compose environment
Commit [2025-12-04T15:08:32]: add dynamic phishlet loading
Commit [2025-12-04T07:41:15]: fix character encoding in logs
Commit [2025-12-04T16:18:00]: update dependencies in requirements.txt
Commit [2025-12-04T16:53:27]: refactor vault schema for better performance
Commit [2025-12-04T10:05:11]: update operational quickstart
Commit [2025-12-04T16:54:47]: update dependencies in requirements.txt
Commit [2025-12-04T10:13:38]: cleanup redundant network filtering
Commit [2025-12-04T10:39:47]: configure linting rules
Commit [2025-12-18T21:23:39]: configure linting rules
Commit [2025-12-18T14:36:40]: standardize logging across all modules
Commit [2025-12-18T10:56:51]: translate documentation to technical english
Commit [2025-12-24T12:57:41]: fix race condition in vault write
Commit [2025-12-24T13:32:22]: refactor vault schema for better performance
Commit [2025-12-24T15:41:26]: configure linting rules
Commit [2025-12-24T14:04:51]: standardize logging across all modules
Commit [2025-12-24T17:51:53]: update dependencies in requirements.txt
Commit [2025-12-26T17:04:44]: initialize project structure
Commit [2025-12-26T13:24:55]: implement gpu fingerprinting detection
Commit [2025-12-26T10:30:15]: fix race condition in vault write
Commit [2025-12-26T12:03:37]: resolve zombie process creation in supervisor
Commit [2025-12-26T14:26:15]: initialize project structure
Commit [2025-12-26T21:07:04]: standardize logging across all modules
Commit [2025-12-26T11:05:18]: translate documentation to technical english
Commit [2025-12-26T09:07:58]: configure linting rules
Commit [2025-12-26T09:48:48]: translate documentation to technical english
Commit [2025-12-31T16:04:37]: optimize memory footprint of supervisor
Commit [2025-12-31T15:38:27]: correct regex for sensitive data masking
Commit [2025-12-31T11:57:40]: correct regex for sensitive data masking
Commit [2025-12-31T15:09:14]: update dependencies in requirements.txt
Commit [2026-01-01T15:59:16]: initialize master architectural guide
Commit [2026-01-01T07:27:15]: setup docker compose environment
Commit [2026-01-01T07:01:43]: update operational quickstart
Commit [2026-01-04T17:57:49]: standardize logging across all modules
Commit [2026-01-06T15:27:09]: setup docker compose environment
Commit [2026-01-06T12:44:49]: standardize logging across all modules
Commit [2026-01-06T12:45:11]: add asynchronous terminal supervisor
Commit [2026-01-06T09:09:36]: add professional disclaimer to license
Commit [2026-01-06T12:53:38]: update operational quickstart
Commit [2026-01-06T09:33:46]: resolve zombie process creation in supervisor
Commit [2026-01-06T17:05:44]: implement modular orchestrator logic
Commit [2026-01-06T10:18:49]: implement secure process spawning
Commit [2026-01-06T19:25:54]: integrate rich console dashboard
Commit [2026-01-07T08:32:38]: fix race condition in vault write
Commit [2026-01-07T11:52:30]: add professional disclaimer to license
Commit [2026-01-07T11:02:16]: update operational quickstart
Commit [2026-01-07T07:20:56]: modularize core engine management
Commit [2026-01-07T16:54:45]: fix character encoding in logs
Commit [2026-01-07T10:54:30]: initialize project structure
Commit [2026-01-07T15:11:40]: configure linting rules
Commit [2026-01-09T10:19:37]: modularize core engine management
Commit [2026-01-09T14:33:18]: resolve zombie process creation in supervisor
Commit [2026-01-09T14:19:47]: initialize master architectural guide
Commit [2026-01-09T20:35:07]: fix character encoding in logs
Commit [2026-01-09T15:25:05]: resolve timeout on heavy load
Commit [2026-01-09T14:40:09]: standardize logging across all modules
Commit [2026-01-09T16:22:39]: add professional disclaimer to license
Commit [2026-01-09T22:50:37]: add dynamic phishlet loading
